PB fixed_pkg fixed_pkg C:/Users/Lenin/Desktop/pps_ic/linealizacion_del_termistor/linealizacion_del_termistor/fixed_pkg_c.vhdl sub00/vhpl02 1412049247
PH fixed_pkg NULL C:/Users/Lenin/Desktop/pps_ic/linealizacion_del_termistor/linealizacion_del_termistor/fixed_pkg_c.vhdl sub00/vhpl01 1412049246
PB float_pkg float_pkg C:/Users/Lenin/Desktop/pps_ic/linealizacion_del_termistor/linealizacion_del_termistor/float_pkg_c.vhdl sub00/vhpl04 1412048673
AR fixed_synth rtl C:/Users/Lenin/Desktop/pps_ic/linealizacion_del_termistor/linealizacion_del_termistor/fixed_synth.vhdl sub00/vhpl09 1412048654
EN float_synth NULL C:/Users/Lenin/Desktop/pps_ic/linealizacion_del_termistor/linealizacion_del_termistor/float_synth.vhdl sub00/vhpl05 1412048674
EN test_float_synth NULL C:/Users/Lenin/Desktop/pps_ic/linealizacion_del_termistor/linealizacion_del_termistor/test_float_synth.vhdl sub00/vhpl07 1412048676
EN fixed_synth NULL C:/Users/Lenin/Desktop/pps_ic/linealizacion_del_termistor/linealizacion_del_termistor/fixed_synth.vhdl sub00/vhpl08 1412048653
AR float_synth rtl C:/Users/Lenin/Desktop/pps_ic/linealizacion_del_termistor/linealizacion_del_termistor/float_synth.vhdl sub00/vhpl06 1412048675
EN test_fixed_synth NULL C:/Users/Lenin/Desktop/pps_ic/linealizacion_del_termistor/linealizacion_del_termistor/test_fixed_synth.vhdl sub00/vhpl10 1412048655
PH float_pkg NULL C:/Users/Lenin/Desktop/pps_ic/linealizacion_del_termistor/linealizacion_del_termistor/float_pkg_c.vhdl sub00/vhpl03 1412048672
PH fixed_float_types NULL C:/Users/Lenin/Desktop/pps_ic/linealizacion_del_termistor/linealizacion_del_termistor/fixed_float_types_c.vhdl sub00/vhpl00 1412049245
