V3 23
FL C:/Users/Lenin/Desktop/pps_ic/linealizacion_del_termistor/linealizacion_del_termistor/fixed_float_types_c.vhdl 2009/08/27.11:10:26 P.68d
PH ieee_proposed/fixed_float_types 1412049245 \
      FL C:/Users/Lenin/Desktop/pps_ic/linealizacion_del_termistor/linealizacion_del_termistor/fixed_float_types_c.vhdl
FL C:/Users/Lenin/Desktop/pps_ic/linealizacion_del_termistor/linealizacion_del_termistor/fixed_pkg_c.vhdl 2009/08/31.13:08:52 P.68d
PH ieee_proposed/fixed_pkg 1412049246 \
      FL C:/Users/Lenin/Desktop/pps_ic/linealizacion_del_termistor/linealizacion_del_termistor/fixed_pkg_c.vhdl \
      PB std/TEXTIO 1370735606 PB ieee/std_logic_1164 1370735607 \
      PB ieee/NUMERIC_STD 1370735611 LB IEEE_PROPOSED \
      PH ieee_proposed/fixed_float_types 1412049245
PB ieee_proposed/fixed_pkg 1412049247 \
      FL C:/Users/Lenin/Desktop/pps_ic/linealizacion_del_termistor/linealizacion_del_termistor/fixed_pkg_c.vhdl \
      PH ieee_proposed/fixed_pkg 1412049246 PB ieee/MATH_REAL 1370735612
FL C:/Users/Lenin/Desktop/pps_ic/linealizacion_del_termistor/linealizacion_del_termistor/fixed_synth.vhdl 2009/08/31.13:13:00 P.68d
EN ieee_proposed/fixed_synth 1412048653 \
      FL C:/Users/Lenin/Desktop/pps_ic/linealizacion_del_termistor/linealizacion_del_termistor/fixed_synth.vhdl \
      LB IEEE_PROPOSED PB ieee/std_logic_1164 1370735607 PB ieee/NUMERIC_STD 1370735611 \
      PH ieee_proposed/fixed_float_types 1412049245 PB ieee_proposed/fixed_pkg 1412049247
AR ieee_proposed/fixed_synth/rtl 1412048654 \
      FL C:/Users/Lenin/Desktop/pps_ic/linealizacion_del_termistor/linealizacion_del_termistor/fixed_synth.vhdl \
      EN ieee_proposed/fixed_synth 1412048653
FL C:/Users/Lenin/Desktop/pps_ic/linealizacion_del_termistor/linealizacion_del_termistor/float_pkg_c.vhdl 2009/08/31.13:28:10 P.68d
PH ieee_proposed/float_pkg 1412048672 \
      FL C:/Users/Lenin/Desktop/pps_ic/linealizacion_del_termistor/linealizacion_del_termistor/float_pkg_c.vhdl \
      PB std/TEXTIO 1370735606 PB ieee/std_logic_1164 1370735607 \
      PB ieee/NUMERIC_STD 1370735611 LB IEEE_PROPOSED \
      PH ieee_proposed/fixed_float_types 1412049245 PB ieee_proposed/fixed_pkg 1412049247
PB ieee_proposed/float_pkg 1412048673 \
      FL C:/Users/Lenin/Desktop/pps_ic/linealizacion_del_termistor/linealizacion_del_termistor/float_pkg_c.vhdl \
      PH ieee_proposed/float_pkg 1412048672
FL C:/Users/Lenin/Desktop/pps_ic/linealizacion_del_termistor/linealizacion_del_termistor/float_synth.vhdl 2009/08/31.13:20:46 P.68d
EN ieee_proposed/float_synth 1412048674 \
      FL C:/Users/Lenin/Desktop/pps_ic/linealizacion_del_termistor/linealizacion_del_termistor/float_synth.vhdl \
      LB IEEE_PROPOSED PB ieee/std_logic_1164 1370735607 PB ieee/NUMERIC_STD 1370735611 \
      PH ieee_proposed/fixed_float_types 1412049245 PB ieee_proposed/fixed_pkg 1412049247 \
      PB ieee_proposed/float_pkg 1412048673 PB ieee/MATH_REAL 1370735612
AR ieee_proposed/float_synth/rtl 1412048675 \
      FL C:/Users/Lenin/Desktop/pps_ic/linealizacion_del_termistor/linealizacion_del_termistor/float_synth.vhdl \
      EN ieee_proposed/float_synth 1412048674
FL C:/Users/Lenin/Desktop/pps_ic/linealizacion_del_termistor/linealizacion_del_termistor/test_fixed_synth.vhdl 2009/08/27.11:10:26 P.68d
EN ieee_proposed/test_fixed_synth 0 \
      FL C:/Users/Lenin/Desktop/pps_ic/linealizacion_del_termistor/linealizacion_del_termistor/test_fixed_synth.vhdl
AR ieee_proposed/test_fixed_synth/testbench 0 \
      FL C:/Users/Lenin/Desktop/pps_ic/linealizacion_del_termistor/linealizacion_del_termistor/test_fixed_synth.vhdl \
      EN ieee_proposed/test_fixed_synth 0 LB IEEE_PROPOSED PB ieee/std_logic_1164 1370735607 \
      PB ieee/NUMERIC_STD 1370735611 PB ieee_proposed/fixed_pkg 1412049247 \
      CP fixed_synth
FL C:/Users/Lenin/Desktop/pps_ic/linealizacion_del_termistor/linealizacion_del_termistor/test_float_synth.vhdl 2009/08/27.11:10:26 P.68d
EN ieee_proposed/test_float_synth 0 \
      FL C:/Users/Lenin/Desktop/pps_ic/linealizacion_del_termistor/linealizacion_del_termistor/test_float_synth.vhdl
AR ieee_proposed/test_float_synth/testbench 0 \
      FL C:/Users/Lenin/Desktop/pps_ic/linealizacion_del_termistor/linealizacion_del_termistor/test_float_synth.vhdl \
      EN ieee_proposed/test_float_synth 0 PB std/TEXTIO 1370735606 \
      LB IEEE_PROPOSED PB ieee/MATH_REAL 1370735612 PB ieee/std_logic_1164 1370735607 \
      PB ieee/NUMERIC_STD 1370735611 PH ieee_proposed/fixed_float_types 1412049245 \
      PB ieee_proposed/fixed_pkg 1412049247 PB ieee_proposed/float_pkg 1412048673 \
      AR ieee_proposed/float_synth/rtl 1412048675 CP float_synth
