AR selector_de_rango behavioral C:/Users/Lenin/Desktop/pps_ic/linealizacion_del_termistor/linealizacion_del_termistor/selector_de_Rango_de_Voltage.vhd sub00/vhpl01 1412048844
EN selector_de_rango NULL C:/Users/Lenin/Desktop/pps_ic/linealizacion_del_termistor/linealizacion_del_termistor/selector_de_Rango_de_Voltage.vhd sub00/vhpl00 1412049248
